exports[`test renders correctly 1`] = `
<h2
  className="text-center">
  <span
    className="fa fa-remove" />
  Â 
  hello
</h2>
`;
